// Jest Snapshot v1, https://goo.gl/fbAQLP

exports[`Snapshot Testing NavigationMenu 1`] = `
ShallowWrapper {
  "length": 1,
  Symbol(enzyme.__root__): [Circular],
  Symbol(enzyme.__unrendered__): <NavigationMenu />,
  Symbol(enzyme.__renderer__): Object {
    "batchedUpdates": [Function],
    "getNode": [Function],
    "render": [Function],
    "simulateEvent": [Function],
    "unmount": [Function],
  },
  Symbol(enzyme.__node__): Object {
    "instance": null,
    "key": undefined,
    "nodeType": "host",
    "props": Object {
      "children": <InternalLink
        href="/"
      >
        <Button
          as="button"
          fluid={true}
          role="button"
          secondary={true}
        >
          Back
        </Button>
      </InternalLink>,
    },
    "ref": null,
    "rendered": Object {
      "instance": null,
      "key": undefined,
      "nodeType": "function",
      "props": Object {
        "children": <Button
          as="button"
          fluid={true}
          role="button"
          secondary={true}
        >
          Back
        </Button>,
        "href": "/",
      },
      "ref": null,
      "rendered": Object {
        "instance": null,
        "key": undefined,
        "nodeType": "class",
        "props": Object {
          "as": "button",
          "children": "Back",
          "fluid": true,
          "role": "button",
          "secondary": true,
        },
        "ref": null,
        "rendered": "Back",
        "type": [Function],
      },
      "type": [Function],
    },
    "type": "div",
  },
  Symbol(enzyme.__nodes__): Array [
    Object {
      "instance": null,
      "key": undefined,
      "nodeType": "host",
      "props": Object {
        "children": <InternalLink
          href="/"
        >
          <Button
            as="button"
            fluid={true}
            role="button"
            secondary={true}
          >
            Back
          </Button>
        </InternalLink>,
      },
      "ref": null,
      "rendered": Object {
        "instance": null,
        "key": undefined,
        "nodeType": "function",
        "props": Object {
          "children": <Button
            as="button"
            fluid={true}
            role="button"
            secondary={true}
          >
            Back
          </Button>,
          "href": "/",
        },
        "ref": null,
        "rendered": Object {
          "instance": null,
          "key": undefined,
          "nodeType": "class",
          "props": Object {
            "as": "button",
            "children": "Back",
            "fluid": true,
            "role": "button",
            "secondary": true,
          },
          "ref": null,
          "rendered": "Back",
          "type": [Function],
        },
        "type": [Function],
      },
      "type": "div",
    },
  ],
  Symbol(enzyme.__options__): Object {
    "adapter": ReactSixteenAdapter {
      "options": Object {
        "enableComponentDidUpdateOnSetState": true,
      },
    },
  },
}
`;
